// Vitest Snapshot v1, https://vitest.dev/guide/snapshot.html

exports[`ProductCard component > it renders correctly 1`] = `
<div>
  <div
    class="sc-bcXGCL bvxjlh"
  >
    <p>
      <img
        alt="alt"
        class="sc-gswONk hrmGEO"
        src="https://fakestoreapi.com/img/81fPKd-2AYL._AC_SL1500_.jpg"
      />
    </p>
    <p
      class="sc-dkrGBB geUZgP"
    >
      <b>
        Fjallraven - Foldsack No. 1 Backpack, Fits 15 Laptops
      </b>
    </p>
    <b>
      109.95
      â‚¬
    </b>
    <div
      class="sc-hLBatu gLIDFG"
    >
      <span
        aria-label="3.9 Stars"
        class="MuiRating-root MuiRating-sizeMedium Mui-readOnly MuiRating-readOnly css-ryrseu-MuiRating-root"
        role="img"
      >
        <span
          class="MuiRating-decimal css-34he1w-MuiRating-decimal"
        >
          <span
            style="width: 0%; overflow: hidden; position: absolute;"
          >
            <span
              class="MuiRating-icon MuiRating-iconFilled css-7qmtgc-MuiRating-icon"
            >
              <svg
                aria-hidden="true"
                class="MuiSvgIcon-root MuiSvgIcon-fontSizeInherit css-1vooibu-MuiSvgIcon-root"
                data-testid="StarIcon"
                focusable="false"
                viewBox="0 0 24 24"
              >
                <path
                  d="M12 17.27L18.18 21l-1.64-7.03L22 9.24l-7.19-.61L12 2 9.19 8.63 2 9.24l5.46 4.73L5.82 21z"
                />
              </svg>
            </span>
          </span>
          <span
            style="width: 0%; overflow: hidden; position: absolute;"
          >
            <span
              class="MuiRating-icon MuiRating-iconFilled css-7qmtgc-MuiRating-icon"
            >
              <svg
                aria-hidden="true"
                class="MuiSvgIcon-root MuiSvgIcon-fontSizeInherit css-1vooibu-MuiSvgIcon-root"
                data-testid="StarIcon"
                focusable="false"
                viewBox="0 0 24 24"
              >
                <path
                  d="M12 17.27L18.18 21l-1.64-7.03L22 9.24l-7.19-.61L12 2 9.19 8.63 2 9.24l5.46 4.73L5.82 21z"
                />
              </svg>
            </span>
          </span>
          <span
            style="width: 0%; overflow: hidden; position: absolute;"
          >
            <span
              class="MuiRating-icon MuiRating-iconFilled css-7qmtgc-MuiRating-icon"
            >
              <svg
                aria-hidden="true"
                class="MuiSvgIcon-root MuiSvgIcon-fontSizeInherit css-1vooibu-MuiSvgIcon-root"
                data-testid="StarIcon"
                focusable="false"
                viewBox="0 0 24 24"
              >
                <path
                  d="M12 17.27L18.18 21l-1.64-7.03L22 9.24l-7.19-.61L12 2 9.19 8.63 2 9.24l5.46 4.73L5.82 21z"
                />
              </svg>
            </span>
          </span>
          <span
            style="width: 0%; overflow: hidden; position: absolute;"
          >
            <span
              class="MuiRating-icon MuiRating-iconFilled css-7qmtgc-MuiRating-icon"
            >
              <svg
                aria-hidden="true"
                class="MuiSvgIcon-root MuiSvgIcon-fontSizeInherit css-1vooibu-MuiSvgIcon-root"
                data-testid="StarIcon"
                focusable="false"
                viewBox="0 0 24 24"
              >
                <path
                  d="M12 17.27L18.18 21l-1.64-7.03L22 9.24l-7.19-.61L12 2 9.19 8.63 2 9.24l5.46 4.73L5.82 21z"
                />
              </svg>
            </span>
          </span>
          <span
            style="width: 0%; overflow: hidden; position: absolute;"
          >
            <span
              class="MuiRating-icon MuiRating-iconFilled css-7qmtgc-MuiRating-icon"
            >
              <svg
                aria-hidden="true"
                class="MuiSvgIcon-root MuiSvgIcon-fontSizeInherit css-1vooibu-MuiSvgIcon-root"
                data-testid="StarIcon"
                focusable="false"
                viewBox="0 0 24 24"
              >
                <path
                  d="M12 17.27L18.18 21l-1.64-7.03L22 9.24l-7.19-.61L12 2 9.19 8.63 2 9.24l5.46 4.73L5.82 21z"
                />
              </svg>
            </span>
          </span>
          <span
            style="width: 0%; overflow: hidden; position: absolute;"
          >
            <span
              class="MuiRating-icon MuiRating-iconFilled css-7qmtgc-MuiRating-icon"
            >
              <svg
                aria-hidden="true"
                class="MuiSvgIcon-root MuiSvgIcon-fontSizeInherit css-1vooibu-MuiSvgIcon-root"
                data-testid="StarIcon"
                focusable="false"
                viewBox="0 0 24 24"
              >
                <path
                  d="M12 17.27L18.18 21l-1.64-7.03L22 9.24l-7.19-.61L12 2 9.19 8.63 2 9.24l5.46 4.73L5.82 21z"
                />
              </svg>
            </span>
          </span>
          <span
            style="width: 0%; overflow: hidden; position: absolute;"
          >
            <span
              class="MuiRating-icon MuiRating-iconFilled css-7qmtgc-MuiRating-icon"
            >
              <svg
                aria-hidden="true"
                class="MuiSvgIcon-root MuiSvgIcon-fontSizeInherit css-1vooibu-MuiSvgIcon-root"
                data-testid="StarIcon"
                focusable="false"
                viewBox="0 0 24 24"
              >
                <path
                  d="M12 17.27L18.18 21l-1.64-7.03L22 9.24l-7.19-.61L12 2 9.19 8.63 2 9.24l5.46 4.73L5.82 21z"
                />
              </svg>
            </span>
          </span>
          <span
            style="width: 0%; overflow: hidden; position: absolute;"
          >
            <span
              class="MuiRating-icon MuiRating-iconFilled css-7qmtgc-MuiRating-icon"
            >
              <svg
                aria-hidden="true"
                class="MuiSvgIcon-root MuiSvgIcon-fontSizeInherit css-1vooibu-MuiSvgIcon-root"
                data-testid="StarIcon"
                focusable="false"
                viewBox="0 0 24 24"
              >
                <path
                  d="M12 17.27L18.18 21l-1.64-7.03L22 9.24l-7.19-.61L12 2 9.19 8.63 2 9.24l5.46 4.73L5.82 21z"
                />
              </svg>
            </span>
          </span>
          <span
            style="width: 0%; overflow: hidden; position: absolute;"
          >
            <span
              class="MuiRating-icon MuiRating-iconFilled css-7qmtgc-MuiRating-icon"
            >
              <svg
                aria-hidden="true"
                class="MuiSvgIcon-root MuiSvgIcon-fontSizeInherit css-1vooibu-MuiSvgIcon-root"
                data-testid="StarIcon"
                focusable="false"
                viewBox="0 0 24 24"
              >
                <path
                  d="M12 17.27L18.18 21l-1.64-7.03L22 9.24l-7.19-.61L12 2 9.19 8.63 2 9.24l5.46 4.73L5.82 21z"
                />
              </svg>
            </span>
          </span>
          <span>
            <span
              class="MuiRating-icon MuiRating-iconFilled css-7qmtgc-MuiRating-icon"
            >
              <svg
                aria-hidden="true"
                class="MuiSvgIcon-root MuiSvgIcon-fontSizeInherit css-1vooibu-MuiSvgIcon-root"
                data-testid="StarIcon"
                focusable="false"
                viewBox="0 0 24 24"
              >
                <path
                  d="M12 17.27L18.18 21l-1.64-7.03L22 9.24l-7.19-.61L12 2 9.19 8.63 2 9.24l5.46 4.73L5.82 21z"
                />
              </svg>
            </span>
          </span>
        </span>
        <span
          class="MuiRating-decimal css-34he1w-MuiRating-decimal"
        >
          <span
            style="width: 0%; overflow: hidden; position: absolute;"
          >
            <span
              class="MuiRating-icon MuiRating-iconFilled css-7qmtgc-MuiRating-icon"
            >
              <svg
                aria-hidden="true"
                class="MuiSvgIcon-root MuiSvgIcon-fontSizeInherit css-1vooibu-MuiSvgIcon-root"
                data-testid="StarIcon"
                focusable="false"
                viewBox="0 0 24 24"
              >
                <path
                  d="M12 17.27L18.18 21l-1.64-7.03L22 9.24l-7.19-.61L12 2 9.19 8.63 2 9.24l5.46 4.73L5.82 21z"
                />
              </svg>
            </span>
          </span>
          <span
            style="width: 0%; overflow: hidden; position: absolute;"
          >
            <span
              class="MuiRating-icon MuiRating-iconFilled css-7qmtgc-MuiRating-icon"
            >
              <svg
                aria-hidden="true"
                class="MuiSvgIcon-root MuiSvgIcon-fontSizeInherit css-1vooibu-MuiSvgIcon-root"
                data-testid="StarIcon"
                focusable="false"
                viewBox="0 0 24 24"
              >
                <path
                  d="M12 17.27L18.18 21l-1.64-7.03L22 9.24l-7.19-.61L12 2 9.19 8.63 2 9.24l5.46 4.73L5.82 21z"
                />
              </svg>
            </span>
          </span>
          <span
            style="width: 0%; overflow: hidden; position: absolute;"
          >
            <span
              class="MuiRating-icon MuiRating-iconFilled css-7qmtgc-MuiRating-icon"
            >
              <svg
                aria-hidden="true"
                class="MuiSvgIcon-root MuiSvgIcon-fontSizeInherit css-1vooibu-MuiSvgIcon-root"
                data-testid="StarIcon"
                focusable="false"
                viewBox="0 0 24 24"
              >
                <path
                  d="M12 17.27L18.18 21l-1.64-7.03L22 9.24l-7.19-.61L12 2 9.19 8.63 2 9.24l5.46 4.73L5.82 21z"
                />
              </svg>
            </span>
          </span>
          <span
            style="width: 0%; overflow: hidden; position: absolute;"
          >
            <span
              class="MuiRating-icon MuiRating-iconFilled css-7qmtgc-MuiRating-icon"
            >
              <svg
                aria-hidden="true"
                class="MuiSvgIcon-root MuiSvgIcon-fontSizeInherit css-1vooibu-MuiSvgIcon-root"
                data-testid="StarIcon"
                focusable="false"
                viewBox="0 0 24 24"
              >
                <path
                  d="M12 17.27L18.18 21l-1.64-7.03L22 9.24l-7.19-.61L12 2 9.19 8.63 2 9.24l5.46 4.73L5.82 21z"
                />
              </svg>
            </span>
          </span>
          <span
            style="width: 0%; overflow: hidden; position: absolute;"
          >
            <span
              class="MuiRating-icon MuiRating-iconFilled css-7qmtgc-MuiRating-icon"
            >
              <svg
                aria-hidden="true"
                class="MuiSvgIcon-root MuiSvgIcon-fontSizeInherit css-1vooibu-MuiSvgIcon-root"
                data-testid="StarIcon"
                focusable="false"
                viewBox="0 0 24 24"
              >
                <path
                  d="M12 17.27L18.18 21l-1.64-7.03L22 9.24l-7.19-.61L12 2 9.19 8.63 2 9.24l5.46 4.73L5.82 21z"
                />
              </svg>
            </span>
          </span>
          <span
            style="width: 0%; overflow: hidden; position: absolute;"
          >
            <span
              class="MuiRating-icon MuiRating-iconFilled css-7qmtgc-MuiRating-icon"
            >
              <svg
                aria-hidden="true"
                class="MuiSvgIcon-root MuiSvgIcon-fontSizeInherit css-1vooibu-MuiSvgIcon-root"
                data-testid="StarIcon"
                focusable="false"
                viewBox="0 0 24 24"
              >
                <path
                  d="M12 17.27L18.18 21l-1.64-7.03L22 9.24l-7.19-.61L12 2 9.19 8.63 2 9.24l5.46 4.73L5.82 21z"
                />
              </svg>
            </span>
          </span>
          <span
            style="width: 0%; overflow: hidden; position: absolute;"
          >
            <span
              class="MuiRating-icon MuiRating-iconFilled css-7qmtgc-MuiRating-icon"
            >
              <svg
                aria-hidden="true"
                class="MuiSvgIcon-root MuiSvgIcon-fontSizeInherit css-1vooibu-MuiSvgIcon-root"
                data-testid="StarIcon"
                focusable="false"
                viewBox="0 0 24 24"
              >
                <path
                  d="M12 17.27L18.18 21l-1.64-7.03L22 9.24l-7.19-.61L12 2 9.19 8.63 2 9.24l5.46 4.73L5.82 21z"
                />
              </svg>
            </span>
          </span>
          <span
            style="width: 0%; overflow: hidden; position: absolute;"
          >
            <span
              class="MuiRating-icon MuiRating-iconFilled css-7qmtgc-MuiRating-icon"
            >
              <svg
                aria-hidden="true"
                class="MuiSvgIcon-root MuiSvgIcon-fontSizeInherit css-1vooibu-MuiSvgIcon-root"
                data-testid="StarIcon"
                focusable="false"
                viewBox="0 0 24 24"
              >
                <path
                  d="M12 17.27L18.18 21l-1.64-7.03L22 9.24l-7.19-.61L12 2 9.19 8.63 2 9.24l5.46 4.73L5.82 21z"
                />
              </svg>
            </span>
          </span>
          <span
            style="width: 0%; overflow: hidden; position: absolute;"
          >
            <span
              class="MuiRating-icon MuiRating-iconFilled css-7qmtgc-MuiRating-icon"
            >
              <svg
                aria-hidden="true"
                class="MuiSvgIcon-root MuiSvgIcon-fontSizeInherit css-1vooibu-MuiSvgIcon-root"
                data-testid="StarIcon"
                focusable="false"
                viewBox="0 0 24 24"
              >
                <path
                  d="M12 17.27L18.18 21l-1.64-7.03L22 9.24l-7.19-.61L12 2 9.19 8.63 2 9.24l5.46 4.73L5.82 21z"
                />
              </svg>
            </span>
          </span>
          <span>
            <span
              class="MuiRating-icon MuiRating-iconFilled css-7qmtgc-MuiRating-icon"
            >
              <svg
                aria-hidden="true"
                class="MuiSvgIcon-root MuiSvgIcon-fontSizeInherit css-1vooibu-MuiSvgIcon-root"
                data-testid="StarIcon"
                focusable="false"
                viewBox="0 0 24 24"
              >
                <path
                  d="M12 17.27L18.18 21l-1.64-7.03L22 9.24l-7.19-.61L12 2 9.19 8.63 2 9.24l5.46 4.73L5.82 21z"
                />
              </svg>
            </span>
          </span>
        </span>
        <span
          class="MuiRating-decimal css-34he1w-MuiRating-decimal"
        >
          <span
            style="width: 0%; overflow: hidden; position: absolute;"
          >
            <span
              class="MuiRating-icon MuiRating-iconFilled css-7qmtgc-MuiRating-icon"
            >
              <svg
                aria-hidden="true"
                class="MuiSvgIcon-root MuiSvgIcon-fontSizeInherit css-1vooibu-MuiSvgIcon-root"
                data-testid="StarIcon"
                focusable="false"
                viewBox="0 0 24 24"
              >
                <path
                  d="M12 17.27L18.18 21l-1.64-7.03L22 9.24l-7.19-.61L12 2 9.19 8.63 2 9.24l5.46 4.73L5.82 21z"
                />
              </svg>
            </span>
          </span>
          <span
            style="width: 0%; overflow: hidden; position: absolute;"
          >
            <span
              class="MuiRating-icon MuiRating-iconFilled css-7qmtgc-MuiRating-icon"
            >
              <svg
                aria-hidden="true"
                class="MuiSvgIcon-root MuiSvgIcon-fontSizeInherit css-1vooibu-MuiSvgIcon-root"
                data-testid="StarIcon"
                focusable="false"
                viewBox="0 0 24 24"
              >
                <path
                  d="M12 17.27L18.18 21l-1.64-7.03L22 9.24l-7.19-.61L12 2 9.19 8.63 2 9.24l5.46 4.73L5.82 21z"
                />
              </svg>
            </span>
          </span>
          <span
            style="width: 0%; overflow: hidden; position: absolute;"
          >
            <span
              class="MuiRating-icon MuiRating-iconFilled css-7qmtgc-MuiRating-icon"
            >
              <svg
                aria-hidden="true"
                class="MuiSvgIcon-root MuiSvgIcon-fontSizeInherit css-1vooibu-MuiSvgIcon-root"
                data-testid="StarIcon"
                focusable="false"
                viewBox="0 0 24 24"
              >
                <path
                  d="M12 17.27L18.18 21l-1.64-7.03L22 9.24l-7.19-.61L12 2 9.19 8.63 2 9.24l5.46 4.73L5.82 21z"
                />
              </svg>
            </span>
          </span>
          <span
            style="width: 0%; overflow: hidden; position: absolute;"
          >
            <span
              class="MuiRating-icon MuiRating-iconFilled css-7qmtgc-MuiRating-icon"
            >
              <svg
                aria-hidden="true"
                class="MuiSvgIcon-root MuiSvgIcon-fontSizeInherit css-1vooibu-MuiSvgIcon-root"
                data-testid="StarIcon"
                focusable="false"
                viewBox="0 0 24 24"
              >
                <path
                  d="M12 17.27L18.18 21l-1.64-7.03L22 9.24l-7.19-.61L12 2 9.19 8.63 2 9.24l5.46 4.73L5.82 21z"
                />
              </svg>
            </span>
          </span>
          <span
            style="width: 0%; overflow: hidden; position: absolute;"
          >
            <span
              class="MuiRating-icon MuiRating-iconFilled css-7qmtgc-MuiRating-icon"
            >
              <svg
                aria-hidden="true"
                class="MuiSvgIcon-root MuiSvgIcon-fontSizeInherit css-1vooibu-MuiSvgIcon-root"
                data-testid="StarIcon"
                focusable="false"
                viewBox="0 0 24 24"
              >
                <path
                  d="M12 17.27L18.18 21l-1.64-7.03L22 9.24l-7.19-.61L12 2 9.19 8.63 2 9.24l5.46 4.73L5.82 21z"
                />
              </svg>
            </span>
          </span>
          <span
            style="width: 0%; overflow: hidden; position: absolute;"
          >
            <span
              class="MuiRating-icon MuiRating-iconFilled css-7qmtgc-MuiRating-icon"
            >
              <svg
                aria-hidden="true"
                class="MuiSvgIcon-root MuiSvgIcon-fontSizeInherit css-1vooibu-MuiSvgIcon-root"
                data-testid="StarIcon"
                focusable="false"
                viewBox="0 0 24 24"
              >
                <path
                  d="M12 17.27L18.18 21l-1.64-7.03L22 9.24l-7.19-.61L12 2 9.19 8.63 2 9.24l5.46 4.73L5.82 21z"
                />
              </svg>
            </span>
          </span>
          <span
            style="width: 0%; overflow: hidden; position: absolute;"
          >
            <span
              class="MuiRating-icon MuiRating-iconFilled css-7qmtgc-MuiRating-icon"
            >
              <svg
                aria-hidden="true"
                class="MuiSvgIcon-root MuiSvgIcon-fontSizeInherit css-1vooibu-MuiSvgIcon-root"
                data-testid="StarIcon"
                focusable="false"
                viewBox="0 0 24 24"
              >
                <path
                  d="M12 17.27L18.18 21l-1.64-7.03L22 9.24l-7.19-.61L12 2 9.19 8.63 2 9.24l5.46 4.73L5.82 21z"
                />
              </svg>
            </span>
          </span>
          <span
            style="width: 0%; overflow: hidden; position: absolute;"
          >
            <span
              class="MuiRating-icon MuiRating-iconFilled css-7qmtgc-MuiRating-icon"
            >
              <svg
                aria-hidden="true"
                class="MuiSvgIcon-root MuiSvgIcon-fontSizeInherit css-1vooibu-MuiSvgIcon-root"
                data-testid="StarIcon"
                focusable="false"
                viewBox="0 0 24 24"
              >
                <path
                  d="M12 17.27L18.18 21l-1.64-7.03L22 9.24l-7.19-.61L12 2 9.19 8.63 2 9.24l5.46 4.73L5.82 21z"
                />
              </svg>
            </span>
          </span>
          <span
            style="width: 0%; overflow: hidden; position: absolute;"
          >
            <span
              class="MuiRating-icon MuiRating-iconFilled css-7qmtgc-MuiRating-icon"
            >
              <svg
                aria-hidden="true"
                class="MuiSvgIcon-root MuiSvgIcon-fontSizeInherit css-1vooibu-MuiSvgIcon-root"
                data-testid="StarIcon"
                focusable="false"
                viewBox="0 0 24 24"
              >
                <path
                  d="M12 17.27L18.18 21l-1.64-7.03L22 9.24l-7.19-.61L12 2 9.19 8.63 2 9.24l5.46 4.73L5.82 21z"
                />
              </svg>
            </span>
          </span>
          <span>
            <span
              class="MuiRating-icon MuiRating-iconFilled css-7qmtgc-MuiRating-icon"
            >
              <svg
                aria-hidden="true"
                class="MuiSvgIcon-root MuiSvgIcon-fontSizeInherit css-1vooibu-MuiSvgIcon-root"
                data-testid="StarIcon"
                focusable="false"
                viewBox="0 0 24 24"
              >
                <path
                  d="M12 17.27L18.18 21l-1.64-7.03L22 9.24l-7.19-.61L12 2 9.19 8.63 2 9.24l5.46 4.73L5.82 21z"
                />
              </svg>
            </span>
          </span>
        </span>
        <span
          class="MuiRating-decimal css-34he1w-MuiRating-decimal"
        >
          <span
            style="width: 0%; overflow: hidden; position: absolute;"
          >
            <span
              class="MuiRating-icon MuiRating-iconFilled css-7qmtgc-MuiRating-icon"
            >
              <svg
                aria-hidden="true"
                class="MuiSvgIcon-root MuiSvgIcon-fontSizeInherit css-1vooibu-MuiSvgIcon-root"
                data-testid="StarIcon"
                focusable="false"
                viewBox="0 0 24 24"
              >
                <path
                  d="M12 17.27L18.18 21l-1.64-7.03L22 9.24l-7.19-.61L12 2 9.19 8.63 2 9.24l5.46 4.73L5.82 21z"
                />
              </svg>
            </span>
          </span>
          <span
            style="width: 0%; overflow: hidden; position: absolute;"
          >
            <span
              class="MuiRating-icon MuiRating-iconFilled css-7qmtgc-MuiRating-icon"
            >
              <svg
                aria-hidden="true"
                class="MuiSvgIcon-root MuiSvgIcon-fontSizeInherit css-1vooibu-MuiSvgIcon-root"
                data-testid="StarIcon"
                focusable="false"
                viewBox="0 0 24 24"
              >
                <path
                  d="M12 17.27L18.18 21l-1.64-7.03L22 9.24l-7.19-.61L12 2 9.19 8.63 2 9.24l5.46 4.73L5.82 21z"
                />
              </svg>
            </span>
          </span>
          <span
            style="width: 0%; overflow: hidden; position: absolute;"
          >
            <span
              class="MuiRating-icon MuiRating-iconFilled css-7qmtgc-MuiRating-icon"
            >
              <svg
                aria-hidden="true"
                class="MuiSvgIcon-root MuiSvgIcon-fontSizeInherit css-1vooibu-MuiSvgIcon-root"
                data-testid="StarIcon"
                focusable="false"
                viewBox="0 0 24 24"
              >
                <path
                  d="M12 17.27L18.18 21l-1.64-7.03L22 9.24l-7.19-.61L12 2 9.19 8.63 2 9.24l5.46 4.73L5.82 21z"
                />
              </svg>
            </span>
          </span>
          <span
            style="width: 0%; overflow: hidden; position: absolute;"
          >
            <span
              class="MuiRating-icon MuiRating-iconFilled css-7qmtgc-MuiRating-icon"
            >
              <svg
                aria-hidden="true"
                class="MuiSvgIcon-root MuiSvgIcon-fontSizeInherit css-1vooibu-MuiSvgIcon-root"
                data-testid="StarIcon"
                focusable="false"
                viewBox="0 0 24 24"
              >
                <path
                  d="M12 17.27L18.18 21l-1.64-7.03L22 9.24l-7.19-.61L12 2 9.19 8.63 2 9.24l5.46 4.73L5.82 21z"
                />
              </svg>
            </span>
          </span>
          <span
            style="width: 0%; overflow: hidden; position: absolute;"
          >
            <span
              class="MuiRating-icon MuiRating-iconFilled css-7qmtgc-MuiRating-icon"
            >
              <svg
                aria-hidden="true"
                class="MuiSvgIcon-root MuiSvgIcon-fontSizeInherit css-1vooibu-MuiSvgIcon-root"
                data-testid="StarIcon"
                focusable="false"
                viewBox="0 0 24 24"
              >
                <path
                  d="M12 17.27L18.18 21l-1.64-7.03L22 9.24l-7.19-.61L12 2 9.19 8.63 2 9.24l5.46 4.73L5.82 21z"
                />
              </svg>
            </span>
          </span>
          <span
            style="width: 0%; overflow: hidden; position: absolute;"
          >
            <span
              class="MuiRating-icon MuiRating-iconFilled css-7qmtgc-MuiRating-icon"
            >
              <svg
                aria-hidden="true"
                class="MuiSvgIcon-root MuiSvgIcon-fontSizeInherit css-1vooibu-MuiSvgIcon-root"
                data-testid="StarIcon"
                focusable="false"
                viewBox="0 0 24 24"
              >
                <path
                  d="M12 17.27L18.18 21l-1.64-7.03L22 9.24l-7.19-.61L12 2 9.19 8.63 2 9.24l5.46 4.73L5.82 21z"
                />
              </svg>
            </span>
          </span>
          <span
            style="width: 0%; overflow: hidden; position: absolute;"
          >
            <span
              class="MuiRating-icon MuiRating-iconFilled css-7qmtgc-MuiRating-icon"
            >
              <svg
                aria-hidden="true"
                class="MuiSvgIcon-root MuiSvgIcon-fontSizeInherit css-1vooibu-MuiSvgIcon-root"
                data-testid="StarIcon"
                focusable="false"
                viewBox="0 0 24 24"
              >
                <path
                  d="M12 17.27L18.18 21l-1.64-7.03L22 9.24l-7.19-.61L12 2 9.19 8.63 2 9.24l5.46 4.73L5.82 21z"
                />
              </svg>
            </span>
          </span>
          <span
            style="width: 0%; overflow: hidden; position: absolute;"
          >
            <span
              class="MuiRating-icon MuiRating-iconFilled css-7qmtgc-MuiRating-icon"
            >
              <svg
                aria-hidden="true"
                class="MuiSvgIcon-root MuiSvgIcon-fontSizeInherit css-1vooibu-MuiSvgIcon-root"
                data-testid="StarIcon"
                focusable="false"
                viewBox="0 0 24 24"
              >
                <path
                  d="M12 17.27L18.18 21l-1.64-7.03L22 9.24l-7.19-.61L12 2 9.19 8.63 2 9.24l5.46 4.73L5.82 21z"
                />
              </svg>
            </span>
          </span>
          <span
            style="width: 90%; overflow: hidden; position: absolute;"
          >
            <span
              class="MuiRating-icon MuiRating-iconFilled css-7qmtgc-MuiRating-icon"
            >
              <svg
                aria-hidden="true"
                class="MuiSvgIcon-root MuiSvgIcon-fontSizeInherit css-1vooibu-MuiSvgIcon-root"
                data-testid="StarIcon"
                focusable="false"
                viewBox="0 0 24 24"
              >
                <path
                  d="M12 17.27L18.18 21l-1.64-7.03L22 9.24l-7.19-.61L12 2 9.19 8.63 2 9.24l5.46 4.73L5.82 21z"
                />
              </svg>
            </span>
          </span>
          <span>
            <span
              class="MuiRating-icon MuiRating-iconEmpty css-1c99szj-MuiRating-icon"
            >
              <svg
                aria-hidden="true"
                class="MuiSvgIcon-root MuiSvgIcon-fontSizeInherit css-1vooibu-MuiSvgIcon-root"
                data-testid="StarBorderIcon"
                focusable="false"
                viewBox="0 0 24 24"
              >
                <path
                  d="M22 9.24l-7.19-.62L12 2 9.19 8.63 2 9.24l5.46 4.73L5.82 21 12 17.27 18.18 21l-1.63-7.03L22 9.24zM12 15.4l-3.76 2.27 1-4.28-3.32-2.88 4.38-.38L12 6.1l1.71 4.04 4.38.38-3.32 2.88 1 4.28L12 15.4z"
                />
              </svg>
            </span>
          </span>
        </span>
        <span
          class="MuiRating-decimal css-34he1w-MuiRating-decimal"
        >
          <span
            style="width: 0%; overflow: hidden; position: absolute;"
          >
            <span
              class="MuiRating-icon MuiRating-iconEmpty css-1c99szj-MuiRating-icon"
            >
              <svg
                aria-hidden="true"
                class="MuiSvgIcon-root MuiSvgIcon-fontSizeInherit css-1vooibu-MuiSvgIcon-root"
                data-testid="StarBorderIcon"
                focusable="false"
                viewBox="0 0 24 24"
              >
                <path
                  d="M22 9.24l-7.19-.62L12 2 9.19 8.63 2 9.24l5.46 4.73L5.82 21 12 17.27 18.18 21l-1.63-7.03L22 9.24zM12 15.4l-3.76 2.27 1-4.28-3.32-2.88 4.38-.38L12 6.1l1.71 4.04 4.38.38-3.32 2.88 1 4.28L12 15.4z"
                />
              </svg>
            </span>
          </span>
          <span
            style="width: 0%; overflow: hidden; position: absolute;"
          >
            <span
              class="MuiRating-icon MuiRating-iconEmpty css-1c99szj-MuiRating-icon"
            >
              <svg
                aria-hidden="true"
                class="MuiSvgIcon-root MuiSvgIcon-fontSizeInherit css-1vooibu-MuiSvgIcon-root"
                data-testid="StarBorderIcon"
                focusable="false"
                viewBox="0 0 24 24"
              >
                <path
                  d="M22 9.24l-7.19-.62L12 2 9.19 8.63 2 9.24l5.46 4.73L5.82 21 12 17.27 18.18 21l-1.63-7.03L22 9.24zM12 15.4l-3.76 2.27 1-4.28-3.32-2.88 4.38-.38L12 6.1l1.71 4.04 4.38.38-3.32 2.88 1 4.28L12 15.4z"
                />
              </svg>
            </span>
          </span>
          <span
            style="width: 0%; overflow: hidden; position: absolute;"
          >
            <span
              class="MuiRating-icon MuiRating-iconEmpty css-1c99szj-MuiRating-icon"
            >
              <svg
                aria-hidden="true"
                class="MuiSvgIcon-root MuiSvgIcon-fontSizeInherit css-1vooibu-MuiSvgIcon-root"
                data-testid="StarBorderIcon"
                focusable="false"
                viewBox="0 0 24 24"
              >
                <path
                  d="M22 9.24l-7.19-.62L12 2 9.19 8.63 2 9.24l5.46 4.73L5.82 21 12 17.27 18.18 21l-1.63-7.03L22 9.24zM12 15.4l-3.76 2.27 1-4.28-3.32-2.88 4.38-.38L12 6.1l1.71 4.04 4.38.38-3.32 2.88 1 4.28L12 15.4z"
                />
              </svg>
            </span>
          </span>
          <span
            style="width: 0%; overflow: hidden; position: absolute;"
          >
            <span
              class="MuiRating-icon MuiRating-iconEmpty css-1c99szj-MuiRating-icon"
            >
              <svg
                aria-hidden="true"
                class="MuiSvgIcon-root MuiSvgIcon-fontSizeInherit css-1vooibu-MuiSvgIcon-root"
                data-testid="StarBorderIcon"
                focusable="false"
                viewBox="0 0 24 24"
              >
                <path
                  d="M22 9.24l-7.19-.62L12 2 9.19 8.63 2 9.24l5.46 4.73L5.82 21 12 17.27 18.18 21l-1.63-7.03L22 9.24zM12 15.4l-3.76 2.27 1-4.28-3.32-2.88 4.38-.38L12 6.1l1.71 4.04 4.38.38-3.32 2.88 1 4.28L12 15.4z"
                />
              </svg>
            </span>
          </span>
          <span
            style="width: 0%; overflow: hidden; position: absolute;"
          >
            <span
              class="MuiRating-icon MuiRating-iconEmpty css-1c99szj-MuiRating-icon"
            >
              <svg
                aria-hidden="true"
                class="MuiSvgIcon-root MuiSvgIcon-fontSizeInherit css-1vooibu-MuiSvgIcon-root"
                data-testid="StarBorderIcon"
                focusable="false"
                viewBox="0 0 24 24"
              >
                <path
                  d="M22 9.24l-7.19-.62L12 2 9.19 8.63 2 9.24l5.46 4.73L5.82 21 12 17.27 18.18 21l-1.63-7.03L22 9.24zM12 15.4l-3.76 2.27 1-4.28-3.32-2.88 4.38-.38L12 6.1l1.71 4.04 4.38.38-3.32 2.88 1 4.28L12 15.4z"
                />
              </svg>
            </span>
          </span>
          <span
            style="width: 0%; overflow: hidden; position: absolute;"
          >
            <span
              class="MuiRating-icon MuiRating-iconEmpty css-1c99szj-MuiRating-icon"
            >
              <svg
                aria-hidden="true"
                class="MuiSvgIcon-root MuiSvgIcon-fontSizeInherit css-1vooibu-MuiSvgIcon-root"
                data-testid="StarBorderIcon"
                focusable="false"
                viewBox="0 0 24 24"
              >
                <path
                  d="M22 9.24l-7.19-.62L12 2 9.19 8.63 2 9.24l5.46 4.73L5.82 21 12 17.27 18.18 21l-1.63-7.03L22 9.24zM12 15.4l-3.76 2.27 1-4.28-3.32-2.88 4.38-.38L12 6.1l1.71 4.04 4.38.38-3.32 2.88 1 4.28L12 15.4z"
                />
              </svg>
            </span>
          </span>
          <span
            style="width: 0%; overflow: hidden; position: absolute;"
          >
            <span
              class="MuiRating-icon MuiRating-iconEmpty css-1c99szj-MuiRating-icon"
            >
              <svg
                aria-hidden="true"
                class="MuiSvgIcon-root MuiSvgIcon-fontSizeInherit css-1vooibu-MuiSvgIcon-root"
                data-testid="StarBorderIcon"
                focusable="false"
                viewBox="0 0 24 24"
              >
                <path
                  d="M22 9.24l-7.19-.62L12 2 9.19 8.63 2 9.24l5.46 4.73L5.82 21 12 17.27 18.18 21l-1.63-7.03L22 9.24zM12 15.4l-3.76 2.27 1-4.28-3.32-2.88 4.38-.38L12 6.1l1.71 4.04 4.38.38-3.32 2.88 1 4.28L12 15.4z"
                />
              </svg>
            </span>
          </span>
          <span
            style="width: 0%; overflow: hidden; position: absolute;"
          >
            <span
              class="MuiRating-icon MuiRating-iconEmpty css-1c99szj-MuiRating-icon"
            >
              <svg
                aria-hidden="true"
                class="MuiSvgIcon-root MuiSvgIcon-fontSizeInherit css-1vooibu-MuiSvgIcon-root"
                data-testid="StarBorderIcon"
                focusable="false"
                viewBox="0 0 24 24"
              >
                <path
                  d="M22 9.24l-7.19-.62L12 2 9.19 8.63 2 9.24l5.46 4.73L5.82 21 12 17.27 18.18 21l-1.63-7.03L22 9.24zM12 15.4l-3.76 2.27 1-4.28-3.32-2.88 4.38-.38L12 6.1l1.71 4.04 4.38.38-3.32 2.88 1 4.28L12 15.4z"
                />
              </svg>
            </span>
          </span>
          <span
            style="width: 0%; overflow: hidden; position: absolute;"
          >
            <span
              class="MuiRating-icon MuiRating-iconEmpty css-1c99szj-MuiRating-icon"
            >
              <svg
                aria-hidden="true"
                class="MuiSvgIcon-root MuiSvgIcon-fontSizeInherit css-1vooibu-MuiSvgIcon-root"
                data-testid="StarBorderIcon"
                focusable="false"
                viewBox="0 0 24 24"
              >
                <path
                  d="M22 9.24l-7.19-.62L12 2 9.19 8.63 2 9.24l5.46 4.73L5.82 21 12 17.27 18.18 21l-1.63-7.03L22 9.24zM12 15.4l-3.76 2.27 1-4.28-3.32-2.88 4.38-.38L12 6.1l1.71 4.04 4.38.38-3.32 2.88 1 4.28L12 15.4z"
                />
              </svg>
            </span>
          </span>
          <span>
            <span
              class="MuiRating-icon MuiRating-iconEmpty css-1c99szj-MuiRating-icon"
            >
              <svg
                aria-hidden="true"
                class="MuiSvgIcon-root MuiSvgIcon-fontSizeInherit css-1vooibu-MuiSvgIcon-root"
                data-testid="StarBorderIcon"
                focusable="false"
                viewBox="0 0 24 24"
              >
                <path
                  d="M22 9.24l-7.19-.62L12 2 9.19 8.63 2 9.24l5.46 4.73L5.82 21 12 17.27 18.18 21l-1.63-7.03L22 9.24zM12 15.4l-3.76 2.27 1-4.28-3.32-2.88 4.38-.38L12 6.1l1.71 4.04 4.38.38-3.32 2.88 1 4.28L12 15.4z"
                />
              </svg>
            </span>
          </span>
        </span>
      </span>
      <p>
        120
      </p>
    </div>
    <div
      class="sc-eDvShL ebRcMW"
    >
      <input
        class="sc-jSVask jlazdk"
        max="10"
        min="1"
        step="1"
        type="number"
        value="1"
      />
      <button
        class="sc-gKPSgB lguZrc"
      >
        Add to cart
      </button>
    </div>
  </div>
</div>
`;
